// Jest Snapshot v1, https://goo.gl/fbAQLP

exports[`renderResponse middleware allows to render a frame as json if Accept header is used 1`] = `"{"fc:frame":"vNext","fc:frame:image":"data:image/png;base64,AAAAAAAAAAAAAA==","og:image":"data:image/png;base64,AAAAAAAAAAAAAA==","fc:frame:image:aspect_ratio":"1.91:1","fc:frame:button:1":"Click me 1","fc:frame:button:1:action":"post","fc:frame:button:1:target":"https://example.com/?value=customStateValue1&__bi=1-p","frames.js:version":"0.0.0-mock"}"`;

exports[`renderResponse middleware allows to render a frame with image defined as react element 1`] = `"<meta name="fc:frame" content="vNext"/><meta name="fc:frame:image" content="data:image/png;base64,AAAAAAAAAAAAAA=="/><meta name="og:image" content="data:image/png;base64,AAAAAAAAAAAAAA=="/><meta name="fc:frame:image:aspect_ratio" content="1.91:1"/><meta name="fc:frame:button:1" content="Click me 1"/><meta name="fc:frame:button:1:action" content="post"/><meta name="fc:frame:button:1:target" content="https://example.com/?value=customStateValue1&__bi=1-p"/><meta name="fc:frame:button:2" content="Click me 2"/><meta name="fc:frame:button:2:action" content="post"/><meta name="fc:frame:button:2:target" content="https://example.com/a/b?a=true&__bi=2-p"/><meta name="fc:frame:button:3" content="Click me 3"/><meta name="fc:frame:button:3:action" content="post"/><meta name="fc:frame:button:3:target" content="https://example.com/test?value=10&__bi=3-p"/><meta name="frames.js:version" content="0.0.0-mock"/>"`;

exports[`renderResponse middleware correctly renders image wich conditional content 1`] = `
{
  "key": "",
  "props": {
    "children": [
      {
        "key": "",
        "props": {
          "children": <span>
            Something is not there
          </span>,
          "style": {
            "alignItems": "center",
            "color": "black",
            "display": "flex",
            "flex": 1,
            "flexDirection": "column",
            "fontSize": 36,
            "justifyContent": "center",
            "lineHeight": 1.2,
            "overflow": "hidden",
          },
        },
        "type": "div",
      },
    ],
    "style": {
      "alignItems": "stretch",
      "backgroundColor": "white",
      "display": "flex",
      "flexDirection": "row",
      "height": "100vh",
      "width": "100%",
    },
  },
  "type": "div",
}
`;

exports[`renderResponse middleware correctly renders image wich conditional content 2`] = `
{
  "key": "",
  "props": {
    "children": [
      {
        "key": "",
        "props": {
          "children": <span>
            Something is there
          </span>,
          "style": {
            "alignItems": "center",
            "color": "black",
            "display": "flex",
            "flex": 1,
            "flexDirection": "column",
            "fontSize": 36,
            "justifyContent": "center",
            "lineHeight": 1.2,
            "overflow": "hidden",
          },
        },
        "type": "div",
      },
    ],
    "style": {
      "alignItems": "stretch",
      "backgroundColor": "white",
      "display": "flex",
      "flexDirection": "row",
      "height": "100vh",
      "width": "100%",
    },
  },
  "type": "div",
}
`;

exports[`renderResponse middleware properly resolves against baseUrl 1`] = `"<meta name="fc:frame" content="vNext"/><meta name="fc:frame:image" content="data:image/png;base64,AAAAAAAAAAAAAA=="/><meta name="og:image" content="data:image/png;base64,AAAAAAAAAAAAAA=="/><meta name="fc:frame:image:aspect_ratio" content="1.91:1"/><meta name="fc:frame:button:1" content="Click me 1"/><meta name="fc:frame:button:1:action" content="post"/><meta name="fc:frame:button:1:target" content="https://example.com/prefixed/test?value=customStateValue1&__bi=1-p"/><meta name="frames.js:version" content="0.0.0-mock"/>"`;

exports[`renderResponse middleware renders text input 1`] = `"<meta name="fc:frame" content="vNext"/><meta name="fc:frame:image" content="data:image/png;base64,AAAAAAAAAAAAAA=="/><meta name="og:image" content="data:image/png;base64,AAAAAAAAAAAAAA=="/><meta name="fc:frame:input:text" content="My input"/><meta name="fc:frame:image:aspect_ratio" content="1.91:1"/><meta name="frames.js:version" content="0.0.0-mock"/>"`;
